[2m5:57:49 pm[22m [31m[1m[vite][22m[39m Pre-transform error: C:\Users\ASUS\Downloads\dxi-v2 (1)\dxi-v2\src\App.jsx: Expecting Unicode escape sequence \uXXXX. (1:35)

[0m[31m[1m>[22m[39m[90m 1 |[39m [36mimport[39m [33mApp[39m [36mfrom[39m [32m'./App.fixed.jsx'[39m[33m;[39m[37m[41m[1m\[22m[49m[39mn[37m[41m[1m\[22m[49m[39mnexport [36mdefault[39m [33mApp[39m[33m;[39m[37m[41m[1m\[22m[49m[39mn
 [90m   |[39m                                    [31m[1m^[22m[39m[0m
[2m5:57:49 pm[22m [31m[1m[vite][22m[39m [31mInternal server error: C:\Users\ASUS\Downloads\dxi-v2 (1)\dxi-v2\src\App.jsx: Expecting Unicode escape sequence \uXXXX. (1:35)

[0m[31m[1m>[22m[31m[90m 1 |[31m [36mimport[31m [33mApp[31m [36mfrom[31m [32m'./App.fixed.jsx'[31m[33m;[31m[37m[41m[1m\[22m[49m[31mn[37m[41m[1m\[22m[49m[31mnexport [36mdefault[31m [33mApp[31m[33m;[31m[37m[41m[1m\[22m[49m[31mn
 [90m   |[31m                                    [31m[1m^[22m[31m[0m[39m
  Plugin: [35mvite:react-babel[39m
  File: [36mC:/Users/ASUS/Downloads/dxi-v2 (1)/dxi-v2/src/App.jsx[39m:1:35
[33m  1  |  import App from './App.fixed.jsx';\n\nexport default App;\n
     |                                     ^[39m
      at constructor (C:\Users\ASUS\Downloads\dxi-v2 (1)\dxi-v2\node_modules\@babel\parser\lib\index.js:365:19)
      at JSXParserMixin.raise (C:\Users\ASUS\Downloads\dxi-v2 (1)\dxi-v2\node_modules\@babel\parser\lib\index.js:6616:19)
      at JSXParserMixin.readWord1 (C:\Users\ASUS\Downloads\dxi-v2 (1)\dxi-v2\node_modules\@babel\parser\lib\index.js:6576:16)
      at JSXParserMixin.readWord (C:\Users\ASUS\Downloads\dxi-v2 (1)\dxi-v2\node_modules\@babel\parser\lib\index.js:6596:23)
      at JSXParserMixin.getTokenFromCode (C:\Users\ASUS\Downloads\dxi-v2 (1)\dxi-v2\node_modules\@babel\parser\lib\index.js:6315:14)
      at JSXParserMixin.getTokenFromCode (C:\Users\ASUS\Downloads\dxi-v2 (1)\dxi-v2\node_modules\@babel\parser\lib\index.js:4809:11)
      at JSXParserMixin.nextToken (C:\Users\ASUS\Downloads\dxi-v2 (1)\dxi-v2\node_modules\@babel\parser\lib\index.js:5799:10)
      at JSXParserMixin.next (C:\Users\ASUS\Downloads\dxi-v2 (1)\dxi-v2\node_modules\@babel\parser\lib\index.js:5709:10)
      at JSXParserMixin.eat (C:\Users\ASUS\Downloads\dxi-v2 (1)\dxi-v2\node_modules\@babel\parser\lib\index.js:5713:12)
      at JSXParserMixin.isLineTerminator (C:\Users\ASUS\Downloads\dxi-v2 (1)\dxi-v2\node_modules\@babel\parser\lib\index.js:6908:17)
      at JSXParserMixin.semicolon (C:\Users\ASUS\Downloads\dxi-v2 (1)\dxi-v2\node_modules\@babel\parser\lib\index.js:6911:25)
      at JSXParserMixin.parseImportSourceAndAttributes (C:\Users\ASUS\Downloads\dxi-v2 (1)\dxi-v2\node_modules\@babel\parser\lib\index.js:14270:10)
      at JSXParserMixin.parseImportSpecifiersAndAfter (C:\Users\ASUS\Downloads\dxi-v2 (1)\dxi-v2\node_modules\@babel\parser\lib\index.js:14261:17)
      at JSXParserMixin.parseImport (C:\Users\ASUS\Downloads\dxi-v2 (1)\dxi-v2\node_modules\@babel\parser\lib\index.js:14252:17)
      at JSXParserMixin.parseStatementContent (C:\Users\ASUS\Downloads\dxi-v2 (1)\dxi-v2\node_modules\@babel\parser\lib\index.js:12893:27)
      at JSXParserMixin.parseStatementLike (C:\Users\ASUS\Downloads\dxi-v2 (1)\dxi-v2\node_modules\@babel\parser\lib\index.js:12784:17)
      at JSXParserMixin.parseModuleItem (C:\Users\ASUS\Downloads\dxi-v2 (1)\dxi-v2\node_modules\@babel\parser\lib\index.js:12761:17)
      at JSXParserMixin.parseBlockOrModuleBlockBody (C:\Users\ASUS\Downloads\dxi-v2 (1)\dxi-v2\node_modules\@babel\parser\lib\index.js:13333:36)
      at JSXParserMixin.parseBlockBody (C:\Users\ASUS\Downloads\dxi-v2 (1)\dxi-v2\node_modules\@babel\parser\lib\index.js:13326:10)
      at JSXParserMixin.parseProgram (C:\Users\ASUS\Downloads\dxi-v2 (1)\dxi-v2\node_modules\@babel\parser\lib\index.js:12639:10)
      at JSXParserMixin.parseTopLevel (C:\Users\ASUS\Downloads\dxi-v2 (1)\dxi-v2\node_modules\@babel\parser\lib\index.js:12629:25)
      at JSXParserMixin.parse (C:\Users\ASUS\Downloads\dxi-v2 (1)\dxi-v2\node_modules\@babel\parser\lib\index.js:14505:25)
      at parse (C:\Users\ASUS\Downloads\dxi-v2 (1)\dxi-v2\node_modules\@babel\parser\lib\index.js:14539:38)
      at parser (C:\Users\ASUS\Downloads\dxi-v2 (1)\dxi-v2\node_modules\@babel\core\lib\parser\index.js:41:34)
      at parser.next (<anonymous>)
      at normalizeFile (C:\Users\ASUS\Downloads\dxi-v2 (1)\dxi-v2\node_modules\@babel\core\lib\transformation\normalize-file.js:51:37)
      at normalizeFile.next (<anonymous>)
      at run (C:\Users\ASUS\Downloads\dxi-v2 (1)\dxi-v2\node_modules\@babel\core\lib\transformation\index.js:22:50)
      at run.next (<anonymous>)
      at transform (C:\Users\ASUS\Downloads\dxi-v2 (1)\dxi-v2\node_modules\@babel\core\lib\transform.js:22:33)
      at transform.next (<anonymous>)
      at step (C:\Users\ASUS\Downloads\dxi-v2 (1)\dxi-v2\node_modules\gensync\index.js:261:32)
      at C:\Users\ASUS\Downloads\dxi-v2 (1)\dxi-v2\node_modules\gensync\index.js:273:13
      at async.call.result.err.err (C:\Users\ASUS\Downloads\dxi-v2 (1)\dxi-v2\node_modules\gensync\index.js:223:11)
      at C:\Users\ASUS\Downloads\dxi-v2 (1)\dxi-v2\node_modules\gensync\index.js:189:28
      at C:\Users\ASUS\Downloads\dxi-v2 (1)\dxi-v2\node_modules\@babel\core\lib\gensync-utils\async.js:67:7
      at C:\Users\ASUS\Downloads\dxi-v2 (1)\dxi-v2\node_modules\gensync\index.js:113:33
      at step (C:\Users\ASUS\Downloads\dxi-v2 (1)\dxi-v2\node_modules\gensync\index.js:287:14)
      at C:\Users\ASUS\Downloads\dxi-v2 (1)\dxi-v2\node_modules\gensync\index.js:273:13
      at async.call.result.err.err (C:\Users\ASUS\Downloads\dxi-v2 (1)\dxi-v2\node_modules\gensync\index.js:223:11)
